// Jest Snapshot v1, https://goo.gl/fbAQLP

exports[`BaseIcon renders correctly 1`] = `<span class="icon"><i class="mdi mdi-undefined mdi-24px"></i></span>`;
